// Jest Snapshot v1, https://goo.gl/fbAQLP

exports[`custom query Plugin renders correctly 1`] = `
<DocumentFragment>
  <div
    class="MuiFormControl-root MuiFormControl-fullWidth css-ytlejw-MuiFormControl-root"
  >
    <p
      class="MuiTypography-root MuiTypography-body1 css-rizt0-MuiTypography-root"
    >
      Custom Cypher Query
    </p>
    <div
      class="react-codemirror2"
    >
      <div
        class="CodeMirror cm-s-default CodeMirror-wrap"
        translate="no"
      >
        <div
          style="overflow: hidden; position: relative; width: 3px; height: 0px;"
        >
          <textarea
            autocapitalize="off"
            autocorrect="off"
            spellcheck="false"
            style="position: absolute; bottom: -1em; padding: 0px; width: 1000px; height: 1em; min-height: 1em; outline: none;"
            tabindex="0"
          />
        </div>
        <div
          class="CodeMirror-vscrollbar"
          cm-not-content="true"
          tabindex="-1"
        >
          <div
            style="min-width: 1px;"
          />
        </div>
        <div
          class="CodeMirror-hscrollbar"
          cm-not-content="true"
          tabindex="-1"
        >
          <div
            style="height: 100%; min-height: 1px;"
          />
        </div>
        <div
          class="CodeMirror-scrollbar-filler"
          cm-not-content="true"
        />
        <div
          class="CodeMirror-gutter-filler"
          cm-not-content="true"
        />
        <div
          class="CodeMirror-scroll"
          tabindex="-1"
        >
          <div
            class="CodeMirror-sizer"
            style="margin-left: 0px;"
          >
            <div
              style="position: relative;"
            >
              <div
                class="CodeMirror-lines"
                role="presentation"
              >
                <div
                  role="presentation"
                  style="position: relative; outline: none;"
                >
                  <div
                    class="CodeMirror-measure"
                  >
                    <pre
                      class="CodeMirror-line-like"
                    >
                      <span>
                        xxxxxxxxxx
                      </span>
                    </pre>
                    <div
                      class="CodeMirror-linenumber CodeMirror-gutter-elt"
                    >
                      <div>
                        1
                      </div>
                    </div>
                  </div>
                  <div
                    class="CodeMirror-measure"
                  />
                  <div
                    style="position: relative; z-index: 1;"
                  />
                  <div
                    class="CodeMirror-cursors"
                  />
                  <div
                    class="CodeMirror-code"
                    role="presentation"
                  />
                </div>
              </div>
            </div>
          </div>
          <div
            style="position: absolute; height: 50px; width: 1px;"
          />
          <div
            class="CodeMirror-gutters"
          >
            <div
              class="CodeMirror-gutter CodeMirror-linenumbers"
              style="width: 1px;"
            />
          </div>
        </div>
      </div>
    </div>
    <span
      class="MuiTypography-root MuiTypography-caption css-mpaqru-MuiTypography-root"
    >
      [shift] + [Enter] to submit.
    </span>
    <button
      class="MuiButtonBase-root MuiButton-root MuiButton-contained MuiButton-containedPrimary MuiButton-sizeMedium MuiButton-containedSizeMedium MuiButton-colorPrimary MuiButton-root MuiButton-contained MuiButton-containedPrimary MuiButton-sizeMedium MuiButton-containedSizeMedium MuiButton-colorPrimary css-74d805-MuiButtonBase-root-MuiButton-root"
      tabindex="0"
      type="button"
    >
      Submit
    </button>
  </div>
</DocumentFragment>
`;
