// Jest Snapshot v1, https://goo.gl/fbAQLP

exports[`FindSimilarNeurons Plugin renders correctly 1`] = `
<DocumentFragment>
  <div>
    <div
      class="MuiFormControl-root MuiFormControl-fullWidth css-ytlejw-MuiFormControl-root"
    >
      <div
        class="MuiFormControl-root MuiFormControl-fullWidth MuiTextField-root css-cmpglg-MuiFormControl-root-MuiTextField-root"
      >
        <label
          class="MuiFormLabel-root MuiInputLabel-root MuiInputLabel-formControl MuiInputLabel-animated MuiInputLabel-sizeMedium MuiInputLabel-standard MuiFormLabel-colorPrimary MuiInputLabel-root MuiInputLabel-formControl MuiInputLabel-animated MuiInputLabel-sizeMedium MuiInputLabel-standard css-2hy7sk-MuiFormLabel-root-MuiInputLabel-root"
          data-shrink="false"
          for=":r0:"
          id=":r0:-label"
        >
          Neuron ID
        </label>
        <div
          class="MuiInputBase-root MuiInput-root MuiInput-underline MuiInputBase-colorPrimary MuiInputBase-fullWidth MuiInputBase-formControl MuiInputBase-multiline css-1fqsnzy-MuiInputBase-root-MuiInput-root"
        >
          <textarea
            aria-invalid="false"
            class="MuiInputBase-input MuiInput-input MuiInputBase-inputMultiline css-9j73qj-MuiInputBase-input-MuiInput-input"
            id=":r0:"
            rows="1"
            style="height: 0px; overflow: hidden;"
          />
          <textarea
            aria-hidden="true"
            class="MuiInputBase-input MuiInput-input MuiInputBase-inputMultiline css-9j73qj-MuiInputBase-input-MuiInput-input"
            readonly=""
            style="visibility: hidden; position: absolute; overflow: hidden; height: 0px; top: 0px; left: 0px; transform: translateZ(0); padding-top: 0px; padding-bottom: 0px; width: 100%;"
            tabindex="-1"
          />
        </div>
      </div>
    </div>
    <div>
      <div
        class="MuiFormControl-root NeuronStatusFilter-formControl-1 css-1iw3t7y-MuiFormControl-root"
      >
        <div
          class="MuiFormControl-root NeuronStatusFilter-formControl-1 css-1iw3t7y-MuiFormControl-root"
        >
          <label
            class="MuiFormLabel-root MuiFormLabel-colorPrimary css-nwsdb5-MuiFormLabel-root"
            style="display: inline-flex;"
          >
            Filter by status
            <div
              aria-label=""
              class="NeuronStatusFilter-tooltip-5"
              data-mui-internal-clone-element="true"
            >
              ?
            </div>
          </label>
          <div
            class="NeuronStatusFilter-select-3 css-b62m3t-container"
          >
            <span
              class="css-1f43avz-a11yText-A11yText"
              id="react-select-2-live-region"
            />
            <span
              aria-atomic="false"
              aria-live="polite"
              aria-relevant="additions text"
              class="css-1f43avz-a11yText-A11yText"
              role="log"
            />
            <div
              class="css-13cymwt-control"
            >
              <div
                class="css-1dyz3mf"
              >
                <div
                  class="css-1p3m7a8-multiValue"
                >
                  <div
                    class="css-9jq23d"
                  >
                    Traced
                  </div>
                  <div
                    aria-label="Remove Traced"
                    class="css-v7duua"
                    role="button"
                  >
                    <svg
                      aria-hidden="true"
                      class="css-tj5bde-Svg"
                      focusable="false"
                      height="14"
                      viewBox="0 0 20 20"
                      width="14"
                    >
                      <path
                        d="M14.348 14.849c-0.469 0.469-1.229 0.469-1.697 0l-2.651-3.030-2.651 3.029c-0.469 0.469-1.229 0.469-1.697 0-0.469-0.469-0.469-1.229 0-1.697l2.758-3.15-2.759-3.152c-0.469-0.469-0.469-1.228 0-1.697s1.228-0.469 1.697 0l2.652 3.031 2.651-3.031c0.469-0.469 1.228-0.469 1.697 0s0.469 1.229 0 1.697l-2.758 3.152 2.758 3.15c0.469 0.469 0.469 1.229 0 1.698z"
                      />
                    </svg>
                  </div>
                </div>
                <div
                  class="css-19bb58m"
                  data-value=""
                >
                  <input
                    aria-activedescendant=""
                    aria-autocomplete="list"
                    aria-expanded="false"
                    aria-haspopup="true"
                    autocapitalize="none"
                    autocomplete="off"
                    autocorrect="off"
                    class=""
                    id="react-select-2-input"
                    role="combobox"
                    spellcheck="false"
                    style="opacity: 1; width: 100%; grid-area: 1 / 2; min-width: 2px; border: 0px; margin: 0px; outline: 0; padding: 0px;"
                    tabindex="0"
                    type="text"
                    value=""
                  />
                </div>
              </div>
              <div
                class="css-1wy0on6"
              >
                <div
                  aria-hidden="true"
                  class="css-1xc3v61-indicatorContainer"
                >
                  <svg
                    aria-hidden="true"
                    class="css-tj5bde-Svg"
                    focusable="false"
                    height="20"
                    viewBox="0 0 20 20"
                    width="20"
                  >
                    <path
                      d="M14.348 14.849c-0.469 0.469-1.229 0.469-1.697 0l-2.651-3.030-2.651 3.029c-0.469 0.469-1.229 0.469-1.697 0-0.469-0.469-0.469-1.229 0-1.697l2.758-3.15-2.759-3.152c-0.469-0.469-0.469-1.228 0-1.697s1.228-0.469 1.697 0l2.652 3.031 2.651-3.031c0.469-0.469 1.228-0.469 1.697 0s0.469 1.229 0 1.697l-2.758 3.152 2.758 3.15c0.469 0.469 0.469 1.229 0 1.698z"
                    />
                  </svg>
                </div>
                <span
                  class="css-1u9des2-indicatorSeparator"
                />
                <div
                  aria-hidden="true"
                  class="css-1xc3v61-indicatorContainer"
                >
                  <svg
                    aria-hidden="true"
                    class="css-tj5bde-Svg"
                    focusable="false"
                    height="20"
                    viewBox="0 0 20 20"
                    width="20"
                  >
                    <path
                      d="M4.516 7.548c0.436-0.446 1.043-0.481 1.576 0l3.908 3.747 3.908-3.747c0.533-0.481 1.141-0.446 1.574 0 0.436 0.445 0.408 1.197 0 1.615-0.406 0.418-4.695 4.502-4.695 4.502-0.217 0.223-0.502 0.335-0.787 0.335s-0.57-0.112-0.789-0.335c0 0-4.287-4.084-4.695-4.502s-0.436-1.17 0-1.615z"
                    />
                  </svg>
                </div>
              </div>
            </div>
          </div>
          <p>
            If a status is not chosen, "Traced" status will be used
          </p>
        </div>
      </div>
    </div>
    <button
      class="MuiButtonBase-root MuiButton-root MuiButton-contained MuiButton-containedPrimary MuiButton-sizeMedium MuiButton-containedSizeMedium MuiButton-colorPrimary Mui-disabled MuiButton-root MuiButton-contained MuiButton-containedPrimary MuiButton-sizeMedium MuiButton-containedSizeMedium MuiButton-colorPrimary css-74d805-MuiButtonBase-root-MuiButton-root"
      disabled=""
      tabindex="-1"
      type="button"
    >
      Search By Body ID
    </button>
  </div>
</DocumentFragment>
`;
